src/lib/ai/aiService.ts(75,13): error TS2353: Object literal may only specify known properties, and 'maxTokens' does not exist in type 'CallSettings & { system?: string | SystemModelMessage | SystemModelMessage[] | undefined; } & { prompt: string | ModelMessage[]; messages?: undefined; } & { ...; }'.
src/lib/ai/dataArchitect.ts(30,20): error TS2554: Expected 2-3 arguments, but got 1.
src/lib/ai/dataArchitect.ts(31,19): error TS2554: Expected 2-3 arguments, but got 1.
src/lib/ai/dataArchitect.ts(32,17): error TS2554: Expected 2-3 arguments, but got 1.
src/lib/ai/dataArchitect.ts(35,20): error TS2554: Expected 2-3 arguments, but got 1.
src/lib/ai/dataArchitect.ts(36,27): error TS2554: Expected 2-3 arguments, but got 1.
